{
  "version": "1.5.0",
  "plugins_used": [
    {
      "name": "ArtifactoryDetector"
    },
    {
      "name": "AWSKeyDetector"
    },
    {
      "name": "AzureStorageKeyDetector"
    },
    {
      "name": "Base64HighEntropyString",
      "limit": 4.5
    },
    {
      "name": "BasicAuthDetector"
    },
    {
      "name": "CloudantDetector"
    },
    {
      "name": "DiscordBotTokenDetector"
    },
    {
      "name": "GitHubTokenDetector"
    },
    {
      "name": "GitLabTokenDetector"
    },
    {
      "name": "HexHighEntropyString",
      "limit": 3.0
    },
    {
      "name": "IbmCloudIamDetector"
    },
    {
      "name": "IbmCosHmacDetector"
    },
    {
      "name": "IPPublicDetector"
    },
    {
      "name": "JwtTokenDetector"
    },
    {
      "name": "MailchimpDetector"
    },
    {
      "name": "NpmDetector"
    },
    {
      "name": "OpenAIDetector"
    },
    {
      "name": "PrivateKeyDetector"
    },
    {
      "name": "PypiTokenDetector"
    },
    {
      "name": "SendGridDetector"
    },
    {
      "name": "SlackDetector"
    },
    {
      "name": "SoftlayerDetector"
    },
    {
      "name": "SquareOAuthDetector"
    },
    {
      "name": "StripeDetector"
    },
    {
      "name": "TelegramBotTokenDetector"
    },
    {
      "name": "TwilioKeyDetector"
    }
  ],
  "filters_used": [
    {
      "path": "detect_secrets.filters.allowlist.is_line_allowlisted"
    },
    {
      "path": "detect_secrets.filters.common.is_ignored_due_to_verification_policies",
      "min_level": 2
    },
    {
      "path": "detect_secrets.filters.heuristic.is_indirect_reference"
    },
    {
      "path": "detect_secrets.filters.heuristic.is_likely_id_string"
    },
    {
      "path": "detect_secrets.filters.heuristic.is_lock_file"
    },
    {
      "path": "detect_secrets.filters.heuristic.is_not_alphanumeric_string"
    },
    {
      "path": "detect_secrets.filters.heuristic.is_potential_uuid"
    },
    {
      "path": "detect_secrets.filters.heuristic.is_prefixed_with_dollar_sign"
    },
    {
      "path": "detect_secrets.filters.heuristic.is_sequential_string"
    },
    {
      "path": "detect_secrets.filters.heuristic.is_swagger_file"
    },
    {
      "path": "detect_secrets.filters.heuristic.is_templated_secret"
    },
    {
      "path": "detect_secrets.filters.regex.should_exclude_file",
      "pattern": [
        "pyproject\\.toml|\\.github/workflows/config/\\.secrets\\.baseline|\\.oms\\.sig$"
      ]
    }
  ],
  "results": {
    "benchmarks/visualwebarena/source_lock.json": [
      {
        "type": "Hex High Entropy String",
        "filename": "benchmarks/visualwebarena/source_lock.json",
        "hashed_secret": "e1b48763dadd1c32778262a0708d20487ecc3037",
        "is_verified": false,
        "line_number": 3
      },
      {
        "type": "Hex High Entropy String",
        "filename": "benchmarks/visualwebarena/source_lock.json",
        "hashed_secret": "74e76de755ae42e92eb669433afa27da37874232",
        "is_verified": false,
        "line_number": 5
      }
    ],
    "benchmarks/webarena/source_lock.json": [
      {
        "type": "Hex High Entropy String",
        "filename": "benchmarks/webarena/source_lock.json",
        "hashed_secret": "e1b48763dadd1c32778262a0708d20487ecc3037",
        "is_verified": false,
        "line_number": 3
      },
      {
        "type": "Hex High Entropy String",
        "filename": "benchmarks/webarena/source_lock.json",
        "hashed_secret": "94b0457dce2a3473aff2a6a71345b8153fb5ed48",
        "is_verified": false,
        "line_number": 5
      }
    ],
    "benchmarks/webvoyager/provenance.json": [
      {
        "type": "Hex High Entropy String",
        "filename": "benchmarks/webvoyager/provenance.json",
        "hashed_secret": "e1b48763dadd1c32778262a0708d20487ecc3037",
        "is_verified": false,
        "line_number": 5
      },
      {
        "type": "Hex High Entropy String",
        "filename": "benchmarks/webvoyager/provenance.json",
        "hashed_secret": "245a777c2ddcefd43825d89ec907ce2725f94537",
        "is_verified": false,
        "line_number": 7
      },
      {
        "type": "Hex High Entropy String",
        "filename": "benchmarks/webvoyager/provenance.json",
        "hashed_secret": "7d3d834cb6af8d8e635655f4f6a631131d162856",
        "is_verified": false,
        "line_number": 14
      },
      {
        "type": "Hex High Entropy String",
        "filename": "benchmarks/webvoyager/provenance.json",
        "hashed_secret": "a3512fd6458484cd1b993c1f098afa37dbc16a30",
        "is_verified": false,
        "line_number": 21
      },
      {
        "type": "Hex High Entropy String",
        "filename": "benchmarks/webvoyager/provenance.json",
        "hashed_secret": "52f76dbcdc2ce17701bb5608c595ee89e755c021",
        "is_verified": false,
        "line_number": 32
      },
      {
        "type": "Hex High Entropy String",
        "filename": "benchmarks/webvoyager/provenance.json",
        "hashed_secret": "e339a5df51188e128749a6f7ec3a6d2b0e0ebd61",
        "is_verified": false,
        "line_number": 33
      },
      {
        "type": "Hex High Entropy String",
        "filename": "benchmarks/webvoyager/provenance.json",
        "hashed_secret": "eb06c5c4a646a929cc5c3c25bece542c85acb676",
        "is_verified": false,
        "line_number": 34
      },
      {
        "type": "Hex High Entropy String",
        "filename": "benchmarks/webvoyager/provenance.json",
        "hashed_secret": "19e67c8c2fcfa8076f0a1d9917da815fc4a9cc58",
        "is_verified": false,
        "line_number": 39
      }
    ],
    "nemo_gym/token_id_capture/staging/conformance/golden_vectors.json": [
      {
        "type": "Hex High Entropy String",
        "filename": "nemo_gym/token_id_capture/staging/conformance/golden_vectors.json",
        "hashed_secret": "f7ba24f94926a8d4ddbf7eb5654d19fbbdce69ce",
        "is_verified": false,
        "line_number": 8
      },
      {
        "type": "Hex High Entropy String",
        "filename": "nemo_gym/token_id_capture/staging/conformance/golden_vectors.json",
        "hashed_secret": "7858159189faf7ae60c6d54bb5e8030934fe539f",
        "is_verified": false,
        "line_number": 28
      }
    ]
  },
  "generated_at": "2026-08-24T20:28:09Z"
}
