{
  "version": "1.5.0",
  "plugins_used": [
    {
      "name": "ArtifactoryDetector"
    },
    {
      "name": "AWSKeyDetector"
    },
    {
      "name": "AzureStorageKeyDetector"
    },
    {
      "name": "Base64HighEntropyString",
      "limit": 4.5
    },
    {
      "name": "BasicAuthDetector"
    },
    {
      "name": "CloudantDetector"
    },
    {
      "name": "DiscordBotTokenDetector"
    },
    {
      "name": "GitHubTokenDetector"
    },
    {
      "name": "GitLabTokenDetector"
    },
    {
      "name": "HexHighEntropyString",
      "limit": 3.0
    },
    {
      "name": "IbmCloudIamDetector"
    },
    {
      "name": "IbmCosHmacDetector"
    },
    {
      "name": "IPPublicDetector"
    },
    {
      "name": "JwtTokenDetector"
    },
    {
      "name": "MailchimpDetector"
    },
    {
      "name": "NpmDetector"
    },
    {
      "name": "OpenAIDetector"
    },
    {
      "name": "PrivateKeyDetector"
    },
    {
      "name": "PypiTokenDetector"
    },
    {
      "name": "SendGridDetector"
    },
    {
      "name": "SlackDetector"
    },
    {
      "name": "SoftlayerDetector"
    },
    {
      "name": "SquareOAuthDetector"
    },
    {
      "name": "StripeDetector"
    },
    {
      "name": "TelegramBotTokenDetector"
    },
    {
      "name": "TwilioKeyDetector"
    }
  ],
  "filters_used": [
    {
      "path": "detect_secrets.filters.allowlist.is_line_allowlisted"
    },
    {
      "path": "detect_secrets.filters.common.is_ignored_due_to_verification_policies",
      "min_level": 2
    },
    {
      "path": "detect_secrets.filters.heuristic.is_indirect_reference"
    },
    {
      "path": "detect_secrets.filters.heuristic.is_likely_id_string"
    },
    {
      "path": "detect_secrets.filters.heuristic.is_lock_file"
    },
    {
      "path": "detect_secrets.filters.heuristic.is_not_alphanumeric_string"
    },
    {
      "path": "detect_secrets.filters.heuristic.is_potential_uuid"
    },
    {
      "path": "detect_secrets.filters.heuristic.is_prefixed_with_dollar_sign"
    },
    {
      "path": "detect_secrets.filters.heuristic.is_sequential_string"
    },
    {
      "path": "detect_secrets.filters.heuristic.is_swagger_file"
    },
    {
      "path": "detect_secrets.filters.heuristic.is_templated_secret"
    },
    {
      "path": "detect_secrets.filters.regex.should_exclude_file",
      "pattern": [
        "pyproject\\.toml|\\.github/workflows/config/\\.secrets\\.baseline"
      ]
    }
  ],
  "results": {
    "benchmarks/asb/prepare.py": [
      {
        "type": "Hex High Entropy String",
        "filename": "benchmarks/asb/prepare.py",
        "hashed_secret": "e1165dbdd5c029deebfcaad986725e30df1bdd41",
        "is_verified": false,
        "line_number": 61
      }
    ],
    "benchmarks/asb/upstream_spec.py": [
      {
        "type": "Hex High Entropy String",
        "filename": "benchmarks/asb/upstream_spec.py",
        "hashed_secret": "4a8a122375d45f18395b15a97d68ca420a09744c",
        "is_verified": false,
        "line_number": 47
      },
      {
        "type": "Hex High Entropy String",
        "filename": "benchmarks/asb/upstream_spec.py",
        "hashed_secret": "6f04c840bf37559e6c8f709c7b92d16539afc531",
        "is_verified": false,
        "line_number": 57
      },
      {
        "type": "Hex High Entropy String",
        "filename": "benchmarks/asb/upstream_spec.py",
        "hashed_secret": "6078194ea57018b08d9b1e103f814216793974f7",
        "is_verified": false,
        "line_number": 58
      },
      {
        "type": "Hex High Entropy String",
        "filename": "benchmarks/asb/upstream_spec.py",
        "hashed_secret": "2e45cced2adad422b225eabce2b5753d88cac644",
        "is_verified": false,
        "line_number": 59
      },
      {
        "type": "Hex High Entropy String",
        "filename": "benchmarks/asb/upstream_spec.py",
        "hashed_secret": "07b88385d4f813152d470514d24c8df3d717ae02",
        "is_verified": false,
        "line_number": 60
      },
      {
        "type": "Hex High Entropy String",
        "filename": "benchmarks/asb/upstream_spec.py",
        "hashed_secret": "eaa843856506d21405201142724dd9861ced5bb7",
        "is_verified": false,
        "line_number": 61
      },
      {
        "type": "Hex High Entropy String",
        "filename": "benchmarks/asb/upstream_spec.py",
        "hashed_secret": "fd5137713a08e5c82afffae147ce9f9934ba14a7",
        "is_verified": false,
        "line_number": 62
      },
      {
        "type": "Hex High Entropy String",
        "filename": "benchmarks/asb/upstream_spec.py",
        "hashed_secret": "b44492f75c88720ebf689c02dd06b094e5f40d48",
        "is_verified": false,
        "line_number": 63
      }
    ],
    "benchmarks/terminal_bench_4/manifest.json": [
      {
        "type": "Hex High Entropy String",
        "filename": "benchmarks/terminal_bench_4/manifest.json",
        "hashed_secret": "841e21c989b9a62a4c8b03826dea1278c5c2f808",
        "is_verified": false,
        "line_number": 4
      }
    ],
    "nemo_gym/token_id_capture/staging/conformance/golden_vectors.json": [
      {
        "type": "Hex High Entropy String",
        "filename": "nemo_gym/token_id_capture/staging/conformance/golden_vectors.json",
        "hashed_secret": "f7ba24f94926a8d4ddbf7eb5654d19fbbdce69ce",
        "is_verified": false,
        "line_number": 8
      },
      {
        "type": "Hex High Entropy String",
        "filename": "nemo_gym/token_id_capture/staging/conformance/golden_vectors.json",
        "hashed_secret": "7858159189faf7ae60c6d54bb5e8030934fe539f",
        "is_verified": false,
        "line_number": 28
      }
    ],
    "resources_servers/asb/data/manifest.json": [
      {
        "type": "Hex High Entropy String",
        "filename": "resources_servers/asb/data/manifest.json",
        "hashed_secret": "4a8a122375d45f18395b15a97d68ca420a09744c",
        "is_verified": false,
        "line_number": 3
      },
      {
        "type": "Hex High Entropy String",
        "filename": "resources_servers/asb/data/manifest.json",
        "hashed_secret": "6f04c840bf37559e6c8f709c7b92d16539afc531",
        "is_verified": false,
        "line_number": 5
      },
      {
        "type": "Hex High Entropy String",
        "filename": "resources_servers/asb/data/manifest.json",
        "hashed_secret": "6078194ea57018b08d9b1e103f814216793974f7",
        "is_verified": false,
        "line_number": 6
      },
      {
        "type": "Hex High Entropy String",
        "filename": "resources_servers/asb/data/manifest.json",
        "hashed_secret": "2e45cced2adad422b225eabce2b5753d88cac644",
        "is_verified": false,
        "line_number": 7
      },
      {
        "type": "Hex High Entropy String",
        "filename": "resources_servers/asb/data/manifest.json",
        "hashed_secret": "07b88385d4f813152d470514d24c8df3d717ae02",
        "is_verified": false,
        "line_number": 8
      },
      {
        "type": "Hex High Entropy String",
        "filename": "resources_servers/asb/data/manifest.json",
        "hashed_secret": "eaa843856506d21405201142724dd9861ced5bb7",
        "is_verified": false,
        "line_number": 9
      },
      {
        "type": "Hex High Entropy String",
        "filename": "resources_servers/asb/data/manifest.json",
        "hashed_secret": "fd5137713a08e5c82afffae147ce9f9934ba14a7",
        "is_verified": false,
        "line_number": 10
      },
      {
        "type": "Hex High Entropy String",
        "filename": "resources_servers/asb/data/manifest.json",
        "hashed_secret": "b44492f75c88720ebf689c02dd06b094e5f40d48",
        "is_verified": false,
        "line_number": 11
      },
      {
        "type": "Hex High Entropy String",
        "filename": "resources_servers/asb/data/manifest.json",
        "hashed_secret": "f84a49c7a22ffc0a2164e1981c9ee70de03b63a7",
        "is_verified": false,
        "line_number": 50
      }
    ],
    "resources_servers/terminal_bench_4/task.py": [
      {
        "type": "Base64 High Entropy String",
        "filename": "resources_servers/terminal_bench_4/task.py",
        "hashed_secret": "6efaabfdf7a85c40feb7bcd2b149e965fe345fbb",
        "is_verified": false,
        "line_number": 283
      }
    ]
  },
  "generated_at": "2026-09-22T07:08:14Z"
}
